// Jest Snapshot v1, https://goo.gl/fbAQLP

exports[`<Counter /> renders to the page 1`] = `
<section
  className="counter"
>
  <span
    className="down clicker"
    onClick={[Function]}
  >
     - 
  </span>
  <span
    className="count"
  >
    0
  </span>
  <span
    className="up clicker"
    onClick={[Function]}
  >
     + 
  </span>
</section>
`;

exports[`<Counter /> when the down is clicked renders to the page 1`] = `
<section
  className="counter"
>
  <span
    className="down clicker"
    onClick={[Function]}
  >
     - 
  </span>
  <span
    className="count"
  >
    -1
  </span>
  <span
    className="up clicker"
    onClick={[Function]}
  >
     + 
  </span>
</section>
`;

exports[`<Counter /> when the up is clicked renders to the page 1`] = `
<section
  className="counter"
>
  <span
    className="down clicker"
    onClick={[Function]}
  >
     - 
  </span>
  <span
    className="count"
  >
    1
  </span>
  <span
    className="up clicker"
    onClick={[Function]}
  >
     + 
  </span>
</section>
`;
